// Jest Snapshot v1, https://goo.gl/fbAQLP

exports[`renders correctly 1`] = `
<div
  className="flex flex-wrap p-4 mx-4 mt-8 md:px-16"
>
  <div
    className="flex w-8 aspect-square rounded-lg m-2 
      cursor-pointer items-center justify-center
      bg-transparent
      "
    onClick={[Function]}
    role="letter"
  >
    A
  </div>
  <div
    className="flex w-8 aspect-square rounded-lg m-2 
      cursor-pointer items-center justify-center
      bg-mainExtraLight
      shadow-sm"
    onClick={[Function]}
    role="letter"
  >
    B
  </div>
  <div
    className="flex w-8 aspect-square rounded-lg m-2 
      cursor-pointer items-center justify-center
      bg-mainExtraLight
      shadow-sm"
    onClick={[Function]}
    role="letter"
  >
    C
  </div>
  <div
    className="flex w-8 aspect-square rounded-lg m-2 
      cursor-pointer items-center justify-center
      bg-transparent
      "
    onClick={[Function]}
    role="letter"
  >
    D
  </div>
  <div
    className="flex w-8 aspect-square rounded-lg m-2 
      cursor-pointer items-center justify-center
      bg-mainExtraLight
      shadow-sm"
    onClick={[Function]}
    role="letter"
  >
    E
  </div>
  <div
    className="flex w-8 aspect-square rounded-lg m-2 
      cursor-pointer items-center justify-center
      bg-transparent
      "
    onClick={[Function]}
    role="letter"
  >
    F
  </div>
  <div
    className="flex w-8 aspect-square rounded-lg m-2 
      cursor-pointer items-center justify-center
      bg-mainExtraLight
      shadow-sm"
    onClick={[Function]}
    role="letter"
  >
    G
  </div>
  <div
    className="flex w-8 aspect-square rounded-lg m-2 
      cursor-pointer items-center justify-center
      bg-mainExtraLight
      shadow-sm"
    onClick={[Function]}
    role="letter"
  >
    H
  </div>
  <div
    className="flex w-8 aspect-square rounded-lg m-2 
      cursor-pointer items-center justify-center
      bg-mainExtraLight
      shadow-sm"
    onClick={[Function]}
    role="letter"
  >
    I
  </div>
  <div
    className="flex w-8 aspect-square rounded-lg m-2 
      cursor-pointer items-center justify-center
      bg-mainExtraLight
      shadow-sm"
    onClick={[Function]}
    role="letter"
  >
    J
  </div>
  <div
    className="flex w-8 aspect-square rounded-lg m-2 
      cursor-pointer items-center justify-center
      bg-mainExtraLight
      shadow-sm"
    onClick={[Function]}
    role="letter"
  >
    K
  </div>
  <div
    className="flex w-8 aspect-square rounded-lg m-2 
      cursor-pointer items-center justify-center
      bg-mainExtraLight
      shadow-sm"
    onClick={[Function]}
    role="letter"
  >
    L
  </div>
  <div
    className="flex w-8 aspect-square rounded-lg m-2 
      cursor-pointer items-center justify-center
      bg-mainExtraLight
      shadow-sm"
    onClick={[Function]}
    role="letter"
  >
    M
  </div>
  <div
    className="flex w-8 aspect-square rounded-lg m-2 
      cursor-pointer items-center justify-center
      bg-mainExtraLight
      shadow-sm"
    onClick={[Function]}
    role="letter"
  >
    N
  </div>
  <div
    className="flex w-8 aspect-square rounded-lg m-2 
      cursor-pointer items-center justify-center
      bg-mainExtraLight
      shadow-sm"
    onClick={[Function]}
    role="letter"
  >
    O
  </div>
  <div
    className="flex w-8 aspect-square rounded-lg m-2 
      cursor-pointer items-center justify-center
      bg-mainExtraLight
      shadow-sm"
    onClick={[Function]}
    role="letter"
  >
    P
  </div>
  <div
    className="flex w-8 aspect-square rounded-lg m-2 
      cursor-pointer items-center justify-center
      bg-mainExtraLight
      shadow-sm"
    onClick={[Function]}
    role="letter"
  >
    Q
  </div>
  <div
    className="flex w-8 aspect-square rounded-lg m-2 
      cursor-pointer items-center justify-center
      bg-mainExtraLight
      shadow-sm"
    onClick={[Function]}
    role="letter"
  >
    R
  </div>
  <div
    className="flex w-8 aspect-square rounded-lg m-2 
      cursor-pointer items-center justify-center
      bg-transparent
      "
    onClick={[Function]}
    role="letter"
  >
    S
  </div>
  <div
    className="flex w-8 aspect-square rounded-lg m-2 
      cursor-pointer items-center justify-center
      bg-mainExtraLight
      shadow-sm"
    onClick={[Function]}
    role="letter"
  >
    T
  </div>
  <div
    className="flex w-8 aspect-square rounded-lg m-2 
      cursor-pointer items-center justify-center
      bg-mainExtraLight
      shadow-sm"
    onClick={[Function]}
    role="letter"
  >
    U
  </div>
  <div
    className="flex w-8 aspect-square rounded-lg m-2 
      cursor-pointer items-center justify-center
      bg-mainExtraLight
      shadow-sm"
    onClick={[Function]}
    role="letter"
  >
    V
  </div>
  <div
    className="flex w-8 aspect-square rounded-lg m-2 
      cursor-pointer items-center justify-center
      bg-mainExtraLight
      shadow-sm"
    onClick={[Function]}
    role="letter"
  >
    W
  </div>
  <div
    className="flex w-8 aspect-square rounded-lg m-2 
      cursor-pointer items-center justify-center
      bg-mainExtraLight
      shadow-sm"
    onClick={[Function]}
    role="letter"
  >
    X
  </div>
  <div
    className="flex w-8 aspect-square rounded-lg m-2 
      cursor-pointer items-center justify-center
      bg-mainExtraLight
      shadow-sm"
    onClick={[Function]}
    role="letter"
  >
    Y
  </div>
  <div
    className="flex w-8 aspect-square rounded-lg m-2 
      cursor-pointer items-center justify-center
      bg-mainExtraLight
      shadow-sm"
    onClick={[Function]}
    role="letter"
  >
    Z
  </div>
</div>
`;
