// Jest Snapshot v1, https://goo.gl/fbAQLP

exports[`renders correctly 1`] = `
<table
  className="bg-white rounded-xl table-auto p-4 mb-8 overflow-hidden shadow-md"
  style={
    Object {
      "width": 0,
    }
  }
>
  <thead
    className="h-8 border-b-2 border-mainText"
  >
    <tr>
      <th>
        Username
      </th>
      <th>
        Length
      </th>
      <th>
        Unique Characters
      </th>
      <th>
        Duration
      </th>
      <th
        className="text-mainAction"
      >
        Score
      </th>
      <th>
        Real Score
      </th>
    </tr>
  </thead>
  <tbody>
    <tr
      className="text-center py-1 roundex-xl "
    >
      <td
        className=""
      >
        user3
      </td>
      <td>
        99
      </td>
      <td>
        20
      </td>
      <td>
        88.888
      </td>
      <td
        className="font-semibold text-mainAction"
      >
        25
      </td>
      <td>
        25.02099
      </td>
    </tr>
    <tr
      className="text-center py-1 roundex-xl bg-gray-100"
    >
      <td
        className=""
      >
        jakov
      </td>
      <td>
        22
      </td>
      <td>
        14
      </td>
      <td>
        222.222
      </td>
      <td
        className="font-semibold text-mainAction"
      >
        10
      </td>
      <td>
        10.01422
      </td>
    </tr>
    <tr
      className="text-center py-1 roundex-xl "
    >
      <td
        className=""
      >
        janko
      </td>
      <td>
        20
      </td>
      <td>
        17
      </td>
      <td>
        100
      </td>
      <td
        className="font-semibold text-mainAction"
      >
        9.09
      </td>
      <td>
        9.10811
      </td>
    </tr>
  </tbody>
</table>
`;
